C:\nxp\workspace\MIMXRT1011_FlightControllerRtos\CMSIS/core_cm7.h:2041:22:__NVIC_SetPriority	16	static
C:\nxp\workspace\MIMXRT1011_FlightControllerRtos\drivers/fsl_edma.h:348:20:EDMA_EnableMinorLoopMapping	16	static
C:\nxp\workspace\MIMXRT1011_FlightControllerRtos\drivers/fsl_pwm.h:857:20:PWM_StartTimer	16	static
C:\nxp\workspace\MIMXRT1011_FlightControllerRtos\drivers/fsl_pwm.h:1058:20:PWM_SetPwmLdok	16	static
../board/peripherals.c:106:13:DMA0_init	8	static
../board/peripherals.c:180:10:LPI2C1_GetFreq	4	static
../board/peripherals.c:184:13:LPI2C1_Sensors_init	8	static
../board/peripherals.c:240:10:LPUART1_GetFreq	4	static
../board/peripherals.c:244:13:LPUART1_Ibus_init	8	static
../board/peripherals.c:636:13:PWM1_init	24	static
../board/peripherals.c:724:10:LPUART3_GetFreq	4	static
../board/peripherals.c:728:13:LPUART3_GPS_init	8	static
../board/peripherals.c:791:10:LPSPI1_GetFreq	4	static
../board/peripherals.c:795:13:LPSPI1_SD_init	8	static
../board/peripherals.c:847:13:BOARD_InitPeripherals_CommonPostInit	8	static
../board/peripherals.c:855:6:BOARD_InitPeripherals	8	static
../board/peripherals.c:875:6:BOARD_InitBootPeripherals	8	static
