../freertos/freertos-kernel/portable/MemMang/heap_1.c:89:7:pvPortMalloc	8	static
../freertos/freertos-kernel/portable/MemMang/heap_1.c:130:6:vPortFree	0	static
../freertos/freertos-kernel/portable/MemMang/heap_1.c:139:6:vPortInitialiseBlocks	0	static
../freertos/freertos-kernel/portable/MemMang/heap_1.c:146:8:xPortGetFreeHeapSize	0	static
../freertos/freertos-kernel/portable/MemMang/heap_1.c:154:6:vApplicationGetIdleTaskMemory	4	static
../freertos/freertos-kernel/portable/MemMang/heap_1.c:182:6:vApplicationGetTimerTaskMemory	4	static
