../drivers/fsl_lpi2c.h:606:24:LPI2C_MasterGetStatusFlags	16	static
../drivers/fsl_lpi2c.h:1103:24:LPI2C_SlaveGetStatusFlags	16	static
../drivers/fsl_lpi2c_cmsis.c:111:27:LPI2Cx_GetVersion	16	static
../drivers/fsl_lpi2c_cmsis.c:117:29:LPI2Cx_GetCapabilities	4	static
../drivers/fsl_lpi2c_cmsis.c:443:13:KSDK_LPI2C_SLAVE_InterruptCallback	32	static
../drivers/fsl_lpi2c_cmsis.c:480:13:KSDK_LPI2C_MASTER_InterruptCallback	32	static
../drivers/fsl_lpi2c_cmsis.c:511:16:LPI2C_InterruptInitialize	16	static
../drivers/fsl_lpi2c_cmsis.c:522:16:LPI2C_InterruptUninitialize	16	static
../drivers/fsl_lpi2c_cmsis.c:528:16:LPI2C_Master_InterruptTransmit	56	static
../drivers/fsl_lpi2c_cmsis.c:580:16:LPI2C_Master_InterruptReceive	56	static
../drivers/fsl_lpi2c_cmsis.c:633:16:LPI2C_Slave_InterruptTransmit	32	static
../drivers/fsl_lpi2c_cmsis.c:670:16:LPI2C_Slave_InterruptReceive	32	static
../drivers/fsl_lpi2c_cmsis.c:705:16:LPI2C_InterruptGetDataCount	24	static
../drivers/fsl_lpi2c_cmsis.c:722:16:LPI2C_InterruptControl	40	static
../drivers/fsl_lpi2c_cmsis.c:803:16:LPI2C_InterruptPowerControl	88	static
../drivers/fsl_lpi2c_cmsis.c:886:23:LPI2C_InterruptGetStatus	32	static
../drivers/fsl_lpi2c_cmsis.c:1198:13:KSDK_LPI2C1_SLAVE_InterruptCallback	24	static
../drivers/fsl_lpi2c_cmsis.c:1203:16:LPI2C1_InterruptInitialize	16	static
../drivers/fsl_lpi2c_cmsis.c:1211:16:LPI2C1_InterruptUninitialize	8	static
../drivers/fsl_lpi2c_cmsis.c:1219:16:LPI2C1_InterruptPowerControl	16	static
../drivers/fsl_lpi2c_cmsis.c:1224:16:LPI2C1_Master_InterruptTransmit	32	static
../drivers/fsl_lpi2c_cmsis.c:1229:16:LPI2C1_Master_InterruptReceive	32	static
../drivers/fsl_lpi2c_cmsis.c:1234:16:LPI2C1_Slave_InterruptTransmit	16	static
../drivers/fsl_lpi2c_cmsis.c:1240:16:LPI2C1_Slave_InterruptReceive	16	static
../drivers/fsl_lpi2c_cmsis.c:1246:16:LPI2C1_InterruptGetDataCount	8	static
../drivers/fsl_lpi2c_cmsis.c:1251:16:LPI2C1_InterruptControl	16	static
../drivers/fsl_lpi2c_cmsis.c:1256:23:LPI2C1_InterruptGetStatus	8	static
