C:\nxp\workspace\MIMXRT1011_FlightControllerRtos\CMSIS/core_cm7.h:1911:22:__NVIC_EnableIRQ	16	static
../drivers/fsl_common_arm.h:570:24:EnableIRQ	24	static
../drivers/fsl_lpi2c.h:582:20:LPI2C_MasterEnable	16	static
../drivers/fsl_lpi2c.h:606:24:LPI2C_MasterGetStatusFlags	16	static
../drivers/fsl_lpi2c.h:631:20:LPI2C_MasterClearStatusFlags	16	static
../drivers/fsl_lpi2c.h:653:20:LPI2C_MasterEnableInterrupts	16	static
../drivers/fsl_lpi2c.h:668:20:LPI2C_MasterDisableInterrupts	16	static
../drivers/fsl_lpi2c.h:699:20:LPI2C_MasterEnableDMA	16	static
../drivers/fsl_lpi2c.h:710:24:LPI2C_MasterGetTxFifoAddress	16	static
../drivers/fsl_lpi2c.h:721:24:LPI2C_MasterGetRxFifoAddress	16	static
../drivers/fsl_lpi2c.h:1079:20:LPI2C_SlaveEnable	16	static
../drivers/fsl_edma.h:975:24:EDMA_GetNextTCDAddress	16	static
../drivers/fsl_lpi2c_edma.c:116:6:LPI2C_MasterCreateEDMAHandle	32	static
../drivers/fsl_lpi2c_edma.c:158:17:LPI2C_GenerateCommands	40	static
../drivers/fsl_lpi2c_edma.c:241:10:LPI2C_MasterTransferEDMA	88	static
../drivers/fsl_lpi2c_edma.c:478:10:LPI2C_MasterTransferGetCountEDMA	40	static
../drivers/fsl_lpi2c_edma.c:528:10:LPI2C_MasterTransferAbortEDMA	16	static
../drivers/fsl_lpi2c_edma.c:563:13:LPI2C_MasterEDMACallback	40	static
../drivers/fsl_lpi2c_edma.c:591:13:LPI2C_MasterTransferEdmaHandleIRQ	40	static
