../drivers/fsl_clock.h:1129:24:CLOCK_GetOscFreq	4	static
../drivers/fsl_clock.h:1229:24:CLOCK_GetRtcFreq	4	static
../drivers/fsl_clock.h:1314:20:CLOCK_IsPllBypassed	16	static
../drivers/fsl_clock.h:1328:20:CLOCK_IsPllEnabled	16	static
../drivers/fsl_clock.h:1354:24:CLOCK_GetPllBypassRefClk	16	static
../drivers/fsl_clock.c:99:17:CLOCK_GetPeriphClkFreq	16	static
../drivers/fsl_clock.c:162:17:CLOCK_GetPllUsb1SWFreq	16	static
../drivers/fsl_clock.c:186:17:CLOCK_GetPeriphClk2Freq	16	static
../drivers/fsl_clock.c:215:17:CLOCK_GetFlexspiSelFreq	16	static
../drivers/fsl_clock.c:255:6:CLOCK_InitExternalClk	16	static
../drivers/fsl_clock.c:279:6:CLOCK_DeinitExternalClk	4	static
../drivers/fsl_clock.c:291:6:CLOCK_SwitchOsc	16	static
../drivers/fsl_clock.c:306:6:CLOCK_InitRcOsc24M	4	static
../drivers/fsl_clock.c:314:6:CLOCK_DeinitRcOsc24M	4	static
../drivers/fsl_clock.c:324:10:CLOCK_GetCoreFreq	8	static
../drivers/fsl_clock.c:334:10:CLOCK_GetIpgFreq	8	static
../drivers/fsl_clock.c:344:10:CLOCK_GetPerClkFreq	16	static
../drivers/fsl_clock.c:373:10:CLOCK_GetFreq	24	static
../drivers/fsl_clock.c:457:10:CLOCK_GetClockRootFreq	40	static
../drivers/fsl_clock.c:512:6:CLOCK_EnableUsbhs0Clock	24	static
../drivers/fsl_clock.c:537:6:CLOCK_EnableUsbhs0PhyPllClock	16	static
../drivers/fsl_clock.c:561:6:CLOCK_DisableUsbhs0PhyPllClock	4	static
../drivers/fsl_clock.c:574:6:CLOCK_InitSysPll	16	static
../drivers/fsl_clock.c:604:6:CLOCK_DeinitSysPll	4	static
../drivers/fsl_clock.c:616:6:CLOCK_InitUsb1Pll	16	static
../drivers/fsl_clock.c:637:6:CLOCK_DeinitUsb1Pll	4	static
../drivers/fsl_clock.c:649:6:CLOCK_InitAudioPll	24	static
../drivers/fsl_clock.c:724:6:CLOCK_DeinitAudioPll	4	static
../drivers/fsl_clock.c:736:6:CLOCK_InitEnetPll	24	static
../drivers/fsl_clock.c:764:6:CLOCK_DeinitEnetPll	4	static
../drivers/fsl_clock.c:777:10:CLOCK_GetPllFreq	96	static
../drivers/fsl_clock.c:901:6:CLOCK_InitSysPfd	24	static
../drivers/fsl_clock.c:924:6:CLOCK_DeinitSysPfd	16	static
../drivers/fsl_clock.c:937:6:CLOCK_IsSysPfdEnabled	16	static
../drivers/fsl_clock.c:952:6:CLOCK_InitUsb1Pfd	24	static
../drivers/fsl_clock.c:975:6:CLOCK_DeinitUsb1Pfd	16	static
../drivers/fsl_clock.c:988:6:CLOCK_IsUsb1PfdEnabled	16	static
../drivers/fsl_clock.c:1001:10:CLOCK_GetSysPfdFreq	120	static
../drivers/fsl_clock.c:1040:10:CLOCK_GetUsb1PfdFreq	120	static
../drivers/fsl_clock.c:1077:6:CLOCK_SetClockOutput1	16	static
../drivers/fsl_clock.c:1097:6:CLOCK_SetClockOutput2	24	static
../drivers/fsl_clock.c:1121:10:CLOCK_GetClockOutCLKO1Freq	16	static
../drivers/fsl_clock.c:1173:10:CLOCK_GetClockOutClkO2Freq	16	static
