../drivers/fsl_common_arm.h:225:20:_SDK_AtomicLocalClearAndSet4Byte	48	static
../drivers/fsl_clock.h:1079:20:CLOCK_ControlGate	32	static
../drivers/fsl_clock.h:1096:20:CLOCK_EnableClock	16	static
../drivers/fsl_clock.h:1106:20:CLOCK_DisableClock	16	static
../drivers/fsl_flexio.h:425:20:FLEXIO_Enable	16	static
../drivers/fsl_flexio.c:66:10:FLEXIO_GetInstance	24	static
../drivers/fsl_flexio.c:102:6:FLEXIO_Init	24	static
../drivers/fsl_flexio.c:135:6:FLEXIO_Deinit	16	static
../drivers/fsl_flexio.c:155:6:FLEXIO_GetDefaultConfig	16	static
../drivers/fsl_flexio.c:173:6:FLEXIO_Reset	16	static
../drivers/fsl_flexio.c:188:10:FLEXIO_GetShifterBufferAddress	24	static
../drivers/fsl_flexio.c:262:6:FLEXIO_SetShifterConfig	24	static
../drivers/fsl_flexio.c:307:6:FLEXIO_SetTimerConfig	24	static
../drivers/fsl_flexio.c:333:10:FLEXIO_RegisterHandleIRQ	32	static
../drivers/fsl_flexio.c:371:10:FLEXIO_UnregisterHandleIRQ	24	static
../drivers/fsl_flexio.c:400:13:FLEXIO_CommonIRQHandler	16	static
../drivers/fsl_flexio.c:478:6:FLEXIO_DriverIRQHandler	8	static
../drivers/fsl_flexio.c:484:6:FLEXIO0_DriverIRQHandler	8	static
../drivers/fsl_flexio.c:490:6:FLEXIO1_DriverIRQHandler	8	static
../drivers/fsl_flexio.c:496:6:UART2_FLEXIO_DriverIRQHandler	8	static
../drivers/fsl_flexio.c:502:6:FLEXIO2_DriverIRQHandler	8	static
../drivers/fsl_flexio.c:508:6:FLEXIO3_DriverIRQHandler	8	static
