../drivers/fsl_lpuart_edma.c:85:13:LPUART_SendEDMACallback	8	static
../drivers/fsl_lpuart_edma.c:448:6:LPUART_TransferEdmaHandleIRQ	16	static
../drivers/fsl_lpuart_edma.c:111:13:LPUART_ReceiveEDMACallback	16	static
../drivers/fsl_lpuart_edma.c:149:6:LPUART_TransferCreateHandleEDMA	48	static
../drivers/fsl_lpuart_edma.c:228:10:LPUART_SendEDMA	64	static
../drivers/fsl_lpuart_edma.c:287:10:LPUART_ReceiveEDMA	64	static
../drivers/fsl_lpuart_edma.c:340:6:LPUART_TransferAbortSendEDMA	8	static
../drivers/fsl_lpuart_edma.c:362:6:LPUART_TransferAbortReceiveEDMA	8	static
../drivers/fsl_lpuart_edma.c:388:10:LPUART_TransferGetReceiveCountEDMA	16	static
../drivers/fsl_lpuart_edma.c:419:10:LPUART_TransferGetSendCountEDMA	16	static
