../drivers/fsl_clock.h:1079:20:CLOCK_ControlGate.part.0	8	static
../drivers/fsl_lpuart.c:284:13:LPUART_ReadNonBlocking.part.0	8	static
../drivers/fsl_lpuart.c:314:13:LPUART_ReadNonBlocking16bit.part.0	8	static
../drivers/fsl_lpuart.c:2225:6:LPUART_TransferHandleIRQ	40	static
../drivers/fsl_lpuart.c:195:10:LPUART_GetInstance	8	static
../drivers/fsl_lpuart.c:219:8:LPUART_TransferGetRxRingBufferLength	8	static
../drivers/fsl_lpuart.c:351:10:LPUART_Init	32	static
../drivers/fsl_lpuart.c:591:6:LPUART_Deinit	8	static
../drivers/fsl_lpuart.c:655:6:LPUART_GetDefaultConfig	8	static
../drivers/fsl_lpuart.c:703:10:LPUART_SetBaudRate	32	static
../drivers/fsl_lpuart.c:803:6:LPUART_Enable9bitMode	8	static
../drivers/fsl_lpuart.c:837:6:LPUART_SendAddress	8	static
../drivers/fsl_lpuart.c:859:6:LPUART_EnableInterrupts	4	static
../drivers/fsl_lpuart.c:911:6:LPUART_DisableInterrupts	4	static
../drivers/fsl_lpuart.c:969:10:LPUART_GetEnabledInterrupts	4	static
../drivers/fsl_lpuart.c:1007:10:LPUART_GetStatusFlags	0	static
../drivers/fsl_lpuart.c:1040:10:LPUART_ClearStatusFlags	4	static
../drivers/fsl_lpuart.c:1090:10:LPUART_WriteBlocking	8	static
../drivers/fsl_lpuart.c:1150:10:LPUART_WriteBlocking16bit	8	static
../drivers/fsl_lpuart.c:1215:10:LPUART_ReadBlocking	16	static
../drivers/fsl_lpuart.c:1346:10:LPUART_ReadBlocking16bit	8	static
../drivers/fsl_lpuart.c:1461:6:LPUART_TransferCreateHandle	24	static
../drivers/fsl_lpuart.c:1533:6:LPUART_TransferStartRingBuffer	8	static
../drivers/fsl_lpuart.c:1569:6:LPUART_TransferStopRingBuffer	8	static
../drivers/fsl_lpuart.c:1607:10:LPUART_TransferSendNonBlocking	8	static
../drivers/fsl_lpuart.c:1657:6:LPUART_TransferAbortSend	8	static
../drivers/fsl_lpuart.c:1682:10:LPUART_TransferGetSendCount	16	static
../drivers/fsl_lpuart.c:1740:10:LPUART_TransferReceiveNonBlocking	40	static
../drivers/fsl_lpuart.c:1901:6:LPUART_TransferAbortReceive	8	static
../drivers/fsl_lpuart.c:1932:10:LPUART_TransferGetReceiveCount	8	static
../drivers/fsl_lpuart.c:2283:6:LPUART_TransferHandleErrorIRQ	0	static
../drivers/fsl_lpuart.c:2288:6:LPUART_DriverIRQHandler	8	static
../drivers/fsl_lpuart.c:2388:6:LPUART1_DriverIRQHandler	8	static
../drivers/fsl_lpuart.c:2413:6:LPUART2_DriverIRQHandler	8	static
../drivers/fsl_lpuart.c:2437:6:LPUART3_DriverIRQHandler	8	static
../drivers/fsl_lpuart.c:2461:6:LPUART4_DriverIRQHandler	8	static
