../drivers/fsl_lpuart_edma.c:138:13:LPUART_SendEDMACallback	8	static
../drivers/fsl_lpuart_edma.c:501:6:LPUART_TransferEdmaHandleIRQ	16	static
../drivers/fsl_lpuart_edma.c:164:13:LPUART_ReceiveEDMACallback	16	static
../drivers/fsl_lpuart_edma.c:202:6:LPUART_TransferCreateHandleEDMA	48	static
../drivers/fsl_lpuart_edma.c:281:10:LPUART_SendEDMA	64	static
../drivers/fsl_lpuart_edma.c:340:10:LPUART_ReceiveEDMA	64	static
../drivers/fsl_lpuart_edma.c:393:6:LPUART_TransferAbortSendEDMA	8	static
../drivers/fsl_lpuart_edma.c:415:6:LPUART_TransferAbortReceiveEDMA	8	static
../drivers/fsl_lpuart_edma.c:441:10:LPUART_TransferGetReceiveCountEDMA	16	static
../drivers/fsl_lpuart_edma.c:472:10:LPUART_TransferGetSendCountEDMA	16	static
