../drivers/fsl_lpuart_cmsis.c:478:27:LPUARTx_GetVersion	8	static
../drivers/fsl_lpuart_cmsis.c:483:31:LPUARTx_GetCapabilities	0	static
../drivers/fsl_lpuart_cmsis.c:488:16:LPUARTx_SetModemControl	0	static
../drivers/fsl_lpuart_cmsis.c:493:31:LPUARTx_GetModemStatus	0	static
../drivers/fsl_lpuart_cmsis.c:1078:13:KSDK_LPUART_NonBlockingCallback	0	static
../drivers/fsl_lpuart_cmsis.c:1856:16:LPUART1_NonBlockingInitialize	0	static
../drivers/fsl_lpuart_cmsis.c:1864:16:LPUART1_NonBlockingUninitialize	0	static
../drivers/fsl_lpuart_cmsis.c:1900:16:LPUART1_NonBlockingTransfer	0	static
../drivers/fsl_lpuart_cmsis.c:2799:16:LPUART4_NonBlockingInitialize	0	static
../drivers/fsl_lpuart_cmsis.c:2807:16:LPUART4_NonBlockingUninitialize	0	static
../drivers/fsl_lpuart_cmsis.c:2879:25:LPUART4_NonBlockingGetStatus	8	static
../drivers/fsl_lpuart_cmsis.c:1910:17:LPUART1_NonBlockingGetRxCount	16	static
../drivers/fsl_lpuart_cmsis.c:1905:17:LPUART1_NonBlockingGetTxCount	16	static
../drivers/fsl_lpuart_cmsis.c:2858:16:LPUART4_NonBlockingControl	48	static
../drivers/fsl_lpuart_cmsis.c:1872:16:LPUART1_NonBlockingPowerControl	40	static
../drivers/fsl_lpuart_cmsis.c:2843:16:LPUART4_NonBlockingTransfer	0	static
../drivers/fsl_lpuart_cmsis.c:1895:16:LPUART1_NonBlockingReceive	24	static
../drivers/fsl_lpuart_cmsis.c:2833:16:LPUART4_NonBlockingSend	24	static
../drivers/fsl_lpuart_cmsis.c:2853:17:LPUART4_NonBlockingGetRxCount	16	static
../drivers/fsl_lpuart_cmsis.c:2848:17:LPUART4_NonBlockingGetTxCount	16	static
../drivers/fsl_lpuart_cmsis.c:1890:16:LPUART1_NonBlockingSend	24	static
../drivers/fsl_lpuart_cmsis.c:2838:16:LPUART4_NonBlockingReceive	24	static
../drivers/fsl_lpuart_cmsis.c:1936:25:LPUART1_NonBlockingGetStatus	8	static
../drivers/fsl_lpuart_cmsis.c:2815:16:LPUART4_NonBlockingPowerControl	40	static
../drivers/fsl_lpuart_cmsis.c:1915:16:LPUART1_NonBlockingControl	48	static
