../drivers/fsl_lpi2c_cmsis.c:118:27:LPI2Cx_GetVersion	8	static
../drivers/fsl_lpi2c_cmsis.c:124:29:LPI2Cx_GetCapabilities	0	static
../drivers/fsl_lpi2c_cmsis.c:144:13:KSDK_LPI2C_MASTER_EdmaCallback	0	static
../drivers/fsl_lpi2c_cmsis.c:1176:16:LPI2C1_Master_EdmaUninitialize	0	static
../drivers/fsl_lpi2c_cmsis.c:1209:23:LPI2C1_Master_EdmaGetStatus	0	static
../drivers/fsl_lpi2c_cmsis.c:1199:16:LPI2C1_Master_EdmaGetDataCount	16	static
../drivers/fsl_dmamux.h:110:20:DMAMUX_DisableChannel.part.0	8	static
../drivers/fsl_dmamux.h:139:20:DMAMUX_SetSource.part.0	8	static
../drivers/fsl_lpi2c_cmsis.c:1194:16:LPI2C1_Master_EdmaReceive	32	static
../drivers/fsl_lpi2c_cmsis.c:1189:16:LPI2C1_Master_EdmaTransmit	32	static
../drivers/fsl_lpi2c_cmsis.c:1168:16:LPI2C1_Master_EdmaInitialize	32	static
../drivers/fsl_lpi2c_cmsis.c:1204:16:LPI2C1_Master_EdmaControl	16	static
../drivers/fsl_lpi2c_cmsis.c:1184:16:LPI2C1_Master_EdmaPowerControl	48	static
