../drivers/fsl_lpi2c.c:2385:6:LPI2C_SlaveTransferHandleIRQ	24	static
../drivers/fsl_clock.h:1079:20:CLOCK_ControlGate.part.0	8	static
../drivers/fsl_lpi2c.c:263:17:LPI2C_GetCyclesForWidth.part.0	8	static
../drivers/fsl_lpi2c.c:240:10:LPI2C_GetInstance.part.0	8	static
../drivers/fsl_lpi2c.c:1741:6:LPI2C_MasterTransferHandleIRQ	40	static
../drivers/fsl_lpi2c.c:240:10:LPI2C_GetInstance	8	static
../drivers/fsl_lpi2c.c:304:10:LPI2C_MasterCheckAndClearError	0	static
../drivers/fsl_lpi2c.c:419:10:LPI2C_CheckForBusyBus	0	static
../drivers/fsl_lpi2c.c:460:6:LPI2C_MasterGetDefaultConfig	8	static
../drivers/fsl_lpi2c.c:598:6:LPI2C_MasterDeinit	8	static
../drivers/fsl_lpi2c.c:623:6:LPI2C_MasterConfigureDataMatch	4	static
../drivers/fsl_lpi2c.c:654:6:LPI2C_MasterSetBaudRate	36	static
../drivers/fsl_lpi2c.c:493:6:LPI2C_MasterInit	24	static
../drivers/fsl_lpi2c.c:793:10:LPI2C_MasterStart	8	static
../drivers/fsl_lpi2c.c:834:10:LPI2C_MasterStop	0	static
../drivers/fsl_lpi2c.c:895:10:LPI2C_MasterReceive	16	static
../drivers/fsl_lpi2c.c:997:10:LPI2C_MasterSend	8	static
../drivers/fsl_lpi2c.c:1036:10:LPI2C_MasterTransferBlocking	48	static
../drivers/fsl_lpi2c.c:1174:6:LPI2C_MasterTransferCreateHandle	24	static
../drivers/fsl_lpi2c.c:1579:10:LPI2C_MasterTransferNonBlocking	24	static
../drivers/fsl_lpi2c.c:1645:10:LPI2C_MasterTransferGetCount	16	static
../drivers/fsl_lpi2c.c:1711:6:LPI2C_MasterTransferAbort	4	static
../drivers/fsl_lpi2c.c:1811:6:LPI2C_SlaveGetDefaultConfig	8	static
../drivers/fsl_lpi2c.c:1850:6:LPI2C_SlaveInit	16	static
../drivers/fsl_lpi2c.c:1938:6:LPI2C_SlaveDeinit	8	static
../drivers/fsl_lpi2c.c:2009:10:LPI2C_SlaveSend	16	static
../drivers/fsl_lpi2c.c:2100:10:LPI2C_SlaveReceive	16	static
../drivers/fsl_lpi2c.c:2198:6:LPI2C_SlaveTransferCreateHandle	24	static
../drivers/fsl_lpi2c.c:2260:10:LPI2C_SlaveTransferNonBlocking	24	static
../drivers/fsl_lpi2c.c:2324:10:LPI2C_SlaveTransferGetCount	8	static
../drivers/fsl_lpi2c.c:2357:6:LPI2C_SlaveTransferAbort	16	static
../drivers/fsl_lpi2c.c:2562:6:LPI2C_DriverIRQHandler	16	static
../drivers/fsl_lpi2c.c:2617:6:LPI2C1_DriverIRQHandler	8	static
../drivers/fsl_lpi2c.c:2627:6:LPI2C2_DriverIRQHandler	8	static
