../drivers/fsl_lpuart.h:749:20:LPUART_EnableTx	16	static
../drivers/fsl_lpuart.h:769:20:LPUART_EnableRx	16	static
../drivers/fsl_lpuart_cmsis.c:339:16:LPUART_CommonControl	64	static
../drivers/fsl_lpuart_cmsis.c:478:27:LPUARTx_GetVersion	16	static
../drivers/fsl_lpuart_cmsis.c:483:31:LPUARTx_GetCapabilities	4	static
../drivers/fsl_lpuart_cmsis.c:488:16:LPUARTx_SetModemControl	16	static
../drivers/fsl_lpuart_cmsis.c:493:31:LPUARTx_GetModemStatus	16	static
../drivers/fsl_lpuart_cmsis.c:1078:13:KSDK_LPUART_NonBlockingCallback	32	static
../drivers/fsl_lpuart_cmsis.c:1102:16:LPUART_NonBlockingInitialize	16	static
../drivers/fsl_lpuart_cmsis.c:1114:16:LPUART_NonBlockingUninitialize	16	static
../drivers/fsl_lpuart_cmsis.c:1120:16:LPUART_NonBlockingPowerControl	48	static
../drivers/fsl_lpuart_cmsis.c:1169:16:LPUART_NonBlockingSend	40	static
../drivers/fsl_lpuart_cmsis.c:1199:16:LPUART_NonBlockingReceive	40	static
../drivers/fsl_lpuart_cmsis.c:1229:16:LPUART_NonBlockingTransfer	24	static
../drivers/fsl_lpuart_cmsis.c:1238:17:LPUART_NonBlockingGetTxCount	24	static
../drivers/fsl_lpuart_cmsis.c:1251:17:LPUART_NonBlockingGetRxCount	24	static
../drivers/fsl_lpuart_cmsis.c:1263:16:LPUART_NonBlockingControl	32	static
../drivers/fsl_lpuart_cmsis.c:1306:25:LPUART_NonBlockingGetStatus	24	static
../drivers/fsl_lpuart_cmsis.c:1856:16:LPUART1_NonBlockingInitialize	16	static
../drivers/fsl_lpuart_cmsis.c:1864:16:LPUART1_NonBlockingUninitialize	8	static
../drivers/fsl_lpuart_cmsis.c:1872:16:LPUART1_NonBlockingPowerControl	24	static
../drivers/fsl_lpuart_cmsis.c:1890:16:LPUART1_NonBlockingSend	16	static
../drivers/fsl_lpuart_cmsis.c:1895:16:LPUART1_NonBlockingReceive	16	static
../drivers/fsl_lpuart_cmsis.c:1900:16:LPUART1_NonBlockingTransfer	24	static
../drivers/fsl_lpuart_cmsis.c:1905:17:LPUART1_NonBlockingGetTxCount	8	static
../drivers/fsl_lpuart_cmsis.c:1910:17:LPUART1_NonBlockingGetRxCount	8	static
../drivers/fsl_lpuart_cmsis.c:1915:16:LPUART1_NonBlockingControl	24	static
../drivers/fsl_lpuart_cmsis.c:1936:25:LPUART1_NonBlockingGetStatus	8	static
