../drivers/fsl_lpi2c_cmsis.c:111:27:LPI2Cx_GetVersion	8	static
../drivers/fsl_lpi2c_cmsis.c:117:29:LPI2Cx_GetCapabilities	0	static
../drivers/fsl_lpi2c_cmsis.c:480:13:KSDK_LPI2C_MASTER_InterruptCallback	0	static
../drivers/fsl_lpi2c_cmsis.c:1198:13:KSDK_LPI2C1_SLAVE_InterruptCallback	4	static
../drivers/fsl_lpi2c_cmsis.c:1203:16:LPI2C1_InterruptInitialize	0	static
../drivers/fsl_lpi2c_cmsis.c:1211:16:LPI2C1_InterruptUninitialize	0	static
../drivers/fsl_lpi2c_cmsis.c:1256:23:LPI2C1_InterruptGetStatus	4	static
../drivers/fsl_lpi2c_cmsis.c:1246:16:LPI2C1_InterruptGetDataCount	16	static
../drivers/fsl_lpi2c_cmsis.c:1234:16:LPI2C1_Slave_InterruptTransmit	16	static
../drivers/fsl_lpi2c_cmsis.c:1229:16:LPI2C1_Master_InterruptReceive	48	static
../drivers/fsl_lpi2c_cmsis.c:1224:16:LPI2C1_Master_InterruptTransmit	56	static
../drivers/fsl_lpi2c_cmsis.c:1240:16:LPI2C1_Slave_InterruptReceive	16	static
../drivers/fsl_lpi2c_cmsis.c:1251:16:LPI2C1_InterruptControl	16	static
../drivers/fsl_lpi2c_cmsis.c:1219:16:LPI2C1_InterruptPowerControl	80	static
