../drivers/fsl_clock.h:1079:20:CLOCK_ControlGate.part.0	8	static
../drivers/fsl_flexio.c:66:10:FLEXIO_GetInstance.part.0	8	static
../drivers/fsl_flexio.c:66:10:FLEXIO_GetInstance	8	static
../drivers/fsl_flexio.c:102:6:FLEXIO_Init	16	static
../drivers/fsl_flexio.c:135:6:FLEXIO_Deinit	8	static
../drivers/fsl_flexio.c:155:6:FLEXIO_GetDefaultConfig	8	static
../drivers/fsl_flexio.c:173:6:FLEXIO_Reset	0	static
../drivers/fsl_flexio.c:188:10:FLEXIO_GetShifterBufferAddress	8	static
../drivers/fsl_flexio.c:262:6:FLEXIO_SetShifterConfig	4	static
../drivers/fsl_flexio.c:307:6:FLEXIO_SetTimerConfig	8	static
../drivers/fsl_flexio.c:333:10:FLEXIO_RegisterHandleIRQ	8	static
../drivers/fsl_flexio.c:371:10:FLEXIO_UnregisterHandleIRQ	8	static
../drivers/fsl_flexio.c:478:6:FLEXIO_DriverIRQHandler	8	static
../drivers/fsl_flexio.c:484:6:FLEXIO0_DriverIRQHandler	8	static
../drivers/fsl_flexio.c:490:6:FLEXIO1_DriverIRQHandler	8	static
../drivers/fsl_flexio.c:496:6:UART2_FLEXIO_DriverIRQHandler	8	static
../drivers/fsl_flexio.c:502:6:FLEXIO2_DriverIRQHandler	8	static
../drivers/fsl_flexio.c:508:6:FLEXIO3_DriverIRQHandler	8	static
