../drivers/fsl_clock.h:1079:20:CLOCK_ControlGate.part.0	8	static
../drivers/fsl_lpuart.c:292:13:LPUART_ReadNonBlocking.part.0	8	static
../drivers/fsl_lpuart.c:322:13:LPUART_ReadNonBlocking16bit.part.0	8	static
../drivers/fsl_lpuart.c:248:13:LPUART_TransferIsRxRingBufferFull.part.0	8	static
../drivers/fsl_lpuart.c:2210:6:LPUART_TransferHandleIRQ	40	static
../drivers/fsl_lpuart.c:192:10:LPUART_GetInstance	8	static
../drivers/fsl_lpuart.c:227:8:LPUART_TransferGetRxRingBufferLength	8	static
../drivers/fsl_lpuart.c:359:10:LPUART_Init	32	static
../drivers/fsl_lpuart.c:587:6:LPUART_Deinit	8	static
../drivers/fsl_lpuart.c:651:6:LPUART_GetDefaultConfig	8	static
../drivers/fsl_lpuart.c:696:10:LPUART_SetBaudRate	32	static
../drivers/fsl_lpuart.c:796:6:LPUART_Enable9bitMode	8	static
../drivers/fsl_lpuart.c:830:6:LPUART_SendAddress	8	static
../drivers/fsl_lpuart.c:852:6:LPUART_EnableInterrupts	4	static
../drivers/fsl_lpuart.c:904:6:LPUART_DisableInterrupts	4	static
../drivers/fsl_lpuart.c:962:10:LPUART_GetEnabledInterrupts	4	static
../drivers/fsl_lpuart.c:1000:10:LPUART_GetStatusFlags	0	static
../drivers/fsl_lpuart.c:1033:10:LPUART_ClearStatusFlags	4	static
../drivers/fsl_lpuart.c:1083:10:LPUART_WriteBlocking	8	static
../drivers/fsl_lpuart.c:1143:10:LPUART_WriteBlocking16bit	8	static
../drivers/fsl_lpuart.c:1208:10:LPUART_ReadBlocking	16	static
../drivers/fsl_lpuart.c:1339:10:LPUART_ReadBlocking16bit	8	static
../drivers/fsl_lpuart.c:1454:6:LPUART_TransferCreateHandle	24	static
../drivers/fsl_lpuart.c:1520:6:LPUART_TransferStartRingBuffer	8	static
../drivers/fsl_lpuart.c:1556:6:LPUART_TransferStopRingBuffer	8	static
../drivers/fsl_lpuart.c:1594:10:LPUART_TransferSendNonBlocking	8	static
../drivers/fsl_lpuart.c:1644:6:LPUART_TransferAbortSend	8	static
../drivers/fsl_lpuart.c:1669:10:LPUART_TransferGetSendCount	16	static
../drivers/fsl_lpuart.c:1727:10:LPUART_TransferReceiveNonBlocking	32	static
../drivers/fsl_lpuart.c:1888:6:LPUART_TransferAbortReceive	8	static
../drivers/fsl_lpuart.c:1919:10:LPUART_TransferGetReceiveCount	8	static
../drivers/fsl_lpuart.c:2268:6:LPUART_TransferHandleErrorIRQ	0	static
../drivers/fsl_lpuart.c:2363:6:LPUART1_DriverIRQHandler	8	static
../drivers/fsl_lpuart.c:2388:6:LPUART2_DriverIRQHandler	8	static
../drivers/fsl_lpuart.c:2412:6:LPUART3_DriverIRQHandler	8	static
../drivers/fsl_lpuart.c:2436:6:LPUART4_DriverIRQHandler	8	static
