../drivers/fsl_lpi2c.c:2342:6:LPI2C_SlaveTransferHandleIRQ	24	static
../drivers/fsl_clock.h:1079:20:CLOCK_ControlGate.part.0	8	static
../drivers/fsl_lpi2c.c:245:17:LPI2C_GetCyclesForWidth.part.0	8	static
../drivers/fsl_lpi2c.c:222:10:LPI2C_GetInstance.part.0	8	static
../drivers/fsl_lpi2c.c:1715:6:LPI2C_MasterTransferHandleIRQ	40	static
../drivers/fsl_lpi2c.c:222:10:LPI2C_GetInstance	8	static
../drivers/fsl_lpi2c.c:286:10:LPI2C_MasterCheckAndClearError	0	static
../drivers/fsl_lpi2c.c:401:10:LPI2C_CheckForBusyBus	0	static
../drivers/fsl_lpi2c.c:442:6:LPI2C_MasterGetDefaultConfig	8	static
../drivers/fsl_lpi2c.c:580:6:LPI2C_MasterDeinit	8	static
../drivers/fsl_lpi2c.c:605:6:LPI2C_MasterConfigureDataMatch	4	static
../drivers/fsl_lpi2c.c:636:6:LPI2C_MasterSetBaudRate	36	static
../drivers/fsl_lpi2c.c:475:6:LPI2C_MasterInit	24	static
../drivers/fsl_lpi2c.c:775:10:LPI2C_MasterStart	8	static
../drivers/fsl_lpi2c.c:816:10:LPI2C_MasterStop	0	static
../drivers/fsl_lpi2c.c:877:10:LPI2C_MasterReceive	16	static
../drivers/fsl_lpi2c.c:979:10:LPI2C_MasterSend	8	static
../drivers/fsl_lpi2c.c:1018:10:LPI2C_MasterTransferBlocking	48	static
../drivers/fsl_lpi2c.c:1156:6:LPI2C_MasterTransferCreateHandle	24	static
../drivers/fsl_lpi2c.c:1553:10:LPI2C_MasterTransferNonBlocking	24	static
../drivers/fsl_lpi2c.c:1619:10:LPI2C_MasterTransferGetCount	16	static
../drivers/fsl_lpi2c.c:1685:6:LPI2C_MasterTransferAbort	4	static
../drivers/fsl_lpi2c.c:1785:6:LPI2C_SlaveGetDefaultConfig	8	static
../drivers/fsl_lpi2c.c:1824:6:LPI2C_SlaveInit	16	static
../drivers/fsl_lpi2c.c:1900:6:LPI2C_SlaveDeinit	8	static
../drivers/fsl_lpi2c.c:1971:10:LPI2C_SlaveSend	16	static
../drivers/fsl_lpi2c.c:2062:10:LPI2C_SlaveReceive	16	static
../drivers/fsl_lpi2c.c:2160:6:LPI2C_SlaveTransferCreateHandle	24	static
../drivers/fsl_lpi2c.c:2217:10:LPI2C_SlaveTransferNonBlocking	24	static
../drivers/fsl_lpi2c.c:2281:10:LPI2C_SlaveTransferGetCount	8	static
../drivers/fsl_lpi2c.c:2314:6:LPI2C_SlaveTransferAbort	16	static
../drivers/fsl_lpi2c.c:2531:6:LPI2C1_DriverIRQHandler	8	static
../drivers/fsl_lpi2c.c:2540:6:LPI2C2_DriverIRQHandler	8	static
