../drivers/fsl_pwm.c:78:17:PWM_GetInstance.part.0	8	static
../drivers/fsl_clock.h:1079:20:CLOCK_ControlGate.part.0	8	static
../drivers/fsl_pwm.c:266:10:PWM_Init	16	static
../drivers/fsl_pwm.c:387:6:PWM_Deinit	8	static
../drivers/fsl_pwm.c:416:6:PWM_GetDefaultConfig	8	static
../drivers/fsl_pwm.c:470:10:PWM_SetupPwm	64	static
../drivers/fsl_pwm.c:589:10:PWM_SetupPwmPhaseShift	32	static
../drivers/fsl_pwm.c:680:6:PWM_UpdatePwmDutycycle	8	static
../drivers/fsl_pwm.c:708:6:PWM_UpdatePwmDutycycleHighAccuracy	8	static
../drivers/fsl_pwm.c:788:6:PWM_UpdatePwmPeriodAndDutycycle	16	static
../drivers/fsl_pwm.c:823:6:PWM_SetupInputCapture	16	static
../drivers/fsl_pwm.c:911:6:PWM_SetupFaultInputFilter	8	static
../drivers/fsl_pwm.c:935:6:PWM_SetupFaults	16	static
../drivers/fsl_pwm.c:1023:6:PWM_FaultDefaultConfig	8	static
../drivers/fsl_pwm.c:1051:6:PWM_SetupForceSignal	0	static
../drivers/fsl_pwm.c:1075:6:PWM_EnableInterrupts	0	static
../drivers/fsl_pwm.c:1091:6:PWM_DisableInterrupts	0	static
../drivers/fsl_pwm.c:1106:10:PWM_GetEnabledInterrupts	0	static
../drivers/fsl_pwm.c:1124:10:PWM_GetStatusFlags	0	static
../drivers/fsl_pwm.c:1142:6:PWM_ClearStatusFlags	0	static
../drivers/fsl_pwm.c:1168:10:PWM_SetOutputToIdle	20	static
../drivers/fsl_pwm.c:1259:9:PWM_GetPwmChannelState	0	static
../drivers/fsl_pwm.c:1271:6:PWM_SetClockMode	8	static
../drivers/fsl_pwm.c:1301:6:PWM_SetPwmForceOutputToZero	0	static
../drivers/fsl_pwm.c:1353:6:PWM_SetChannelOutput	16	static
