../drivers/fsl_lpi2c.h:606:24:LPI2C_MasterGetStatusFlags	16	static
../drivers/fsl_dmamux.h:75:20:DMAMUX_EnableChannel	16	static
../drivers/fsl_dmamux.h:91:20:DMAMUX_DisableChannel	16	static
../drivers/fsl_dmamux.h:110:20:DMAMUX_SetSource	24	static
../drivers/fsl_lpi2c_cmsis.c:111:27:LPI2Cx_GetVersion	16	static
../drivers/fsl_lpi2c_cmsis.c:117:29:LPI2Cx_GetCapabilities	4	static
../drivers/fsl_lpi2c_cmsis.c:130:13:KSDK_LPI2C_MASTER_EdmaCallback	32	static
../drivers/fsl_lpi2c_cmsis.c:149:16:LPI2C_Master_EdmaInitialize	32	static
../drivers/fsl_lpi2c_cmsis.c:185:16:LPI2C_Master_EdmaUninitialize	16	static
../drivers/fsl_lpi2c_cmsis.c:191:16:LPI2C_Master_EdmaTransmit	56	static
../drivers/fsl_lpi2c_cmsis.c:234:16:LPI2C_Master_EdmaReceive	56	static
../drivers/fsl_lpi2c_cmsis.c:274:16:LPI2C_Master_EdmaGetDataCount	24	static
../drivers/fsl_lpi2c_cmsis.c:283:16:LPI2C_Master_EdmaControl	40	static
../drivers/fsl_lpi2c_cmsis.c:352:16:LPI2C_Master_EdmaPowerControl	56	static
../drivers/fsl_lpi2c_cmsis.c:421:23:LPI2C_Master_EdmaGetStatus	24	static
../drivers/fsl_lpi2c_cmsis.c:1136:16:LPI2C1_Master_EdmaInitialize	16	static
../drivers/fsl_lpi2c_cmsis.c:1144:16:LPI2C1_Master_EdmaUninitialize	8	static
../drivers/fsl_lpi2c_cmsis.c:1152:16:LPI2C1_Master_EdmaPowerControl	16	static
../drivers/fsl_lpi2c_cmsis.c:1157:16:LPI2C1_Master_EdmaTransmit	32	static
../drivers/fsl_lpi2c_cmsis.c:1162:16:LPI2C1_Master_EdmaReceive	32	static
../drivers/fsl_lpi2c_cmsis.c:1167:16:LPI2C1_Master_EdmaGetDataCount	8	static
../drivers/fsl_lpi2c_cmsis.c:1172:16:LPI2C1_Master_EdmaControl	16	static
../drivers/fsl_lpi2c_cmsis.c:1177:23:LPI2C1_Master_EdmaGetStatus	8	static
