../drivers/fsl_clock.c:99:17:CLOCK_GetPeriphClkFreq	16	static
../drivers/fsl_clock.c:255:6:CLOCK_InitExternalClk	8	static
../drivers/fsl_clock.c:279:6:CLOCK_DeinitExternalClk	0	static
../drivers/fsl_clock.c:291:6:CLOCK_SwitchOsc	0	static
../drivers/fsl_clock.c:306:6:CLOCK_InitRcOsc24M	0	static
../drivers/fsl_clock.c:314:6:CLOCK_DeinitRcOsc24M	0	static
../drivers/fsl_clock.c:324:10:CLOCK_GetCoreFreq	16	static
../drivers/fsl_clock.c:334:10:CLOCK_GetIpgFreq	16	static
../drivers/fsl_clock.c:344:10:CLOCK_GetPerClkFreq	8	static
../drivers/fsl_clock.c:512:6:CLOCK_EnableUsbhs0Clock	4	static
../drivers/fsl_clock.c:537:6:CLOCK_EnableUsbhs0PhyPllClock	0	static
../drivers/fsl_clock.c:561:6:CLOCK_DisableUsbhs0PhyPllClock	0	static
../drivers/fsl_clock.c:574:6:CLOCK_InitSysPll	4	static
../drivers/fsl_clock.c:604:6:CLOCK_DeinitSysPll	0	static
../drivers/fsl_clock.c:616:6:CLOCK_InitUsb1Pll	4	static
../drivers/fsl_clock.c:637:6:CLOCK_DeinitUsb1Pll	0	static
../drivers/fsl_clock.c:649:6:CLOCK_InitAudioPll	4	static
../drivers/fsl_clock.c:724:6:CLOCK_DeinitAudioPll	0	static
../drivers/fsl_clock.c:736:6:CLOCK_InitEnetPll	0	static
../drivers/fsl_clock.c:764:6:CLOCK_DeinitEnetPll	0	static
../drivers/fsl_clock.c:777:10:CLOCK_GetPllFreq	16	static
../drivers/fsl_clock.c:373:10:CLOCK_GetFreq	16	static
../drivers/fsl_clock.c:457:10:CLOCK_GetClockRootFreq	24	static
../drivers/fsl_clock.c:901:6:CLOCK_InitSysPfd	4	static
../drivers/fsl_clock.c:924:6:CLOCK_DeinitSysPfd	0	static
../drivers/fsl_clock.c:937:6:CLOCK_IsSysPfdEnabled	0	static
../drivers/fsl_clock.c:952:6:CLOCK_InitUsb1Pfd	4	static
../drivers/fsl_clock.c:975:6:CLOCK_DeinitUsb1Pfd	0	static
../drivers/fsl_clock.c:988:6:CLOCK_IsUsb1PfdEnabled	0	static
../drivers/fsl_clock.c:1001:10:CLOCK_GetSysPfdFreq	16	static
../drivers/fsl_clock.c:1040:10:CLOCK_GetUsb1PfdFreq	8	static
../drivers/fsl_clock.c:1077:6:CLOCK_SetClockOutput1	0	static
../drivers/fsl_clock.c:1097:6:CLOCK_SetClockOutput2	0	static
../drivers/fsl_clock.c:1121:10:CLOCK_GetClockOutCLKO1Freq	16	static
../drivers/fsl_clock.c:1173:10:CLOCK_GetClockOutClkO2Freq	8	static
