../drivers/fsl_pwm.c:81:17:PWM_GetInstance.part.0	8	static
../drivers/fsl_clock.h:1079:20:CLOCK_ControlGate.part.0	8	static
../drivers/fsl_pwm.c:275:10:PWM_Init	24	static
../drivers/fsl_pwm.c:404:6:PWM_Deinit	8	static
../drivers/fsl_pwm.c:433:6:PWM_GetDefaultConfig	8	static
../drivers/fsl_pwm.c:493:10:PWM_SetupPwm	56	static
../drivers/fsl_pwm.c:618:10:PWM_SetupPwmPhaseShift	32	static
../drivers/fsl_pwm.c:709:6:PWM_UpdatePwmDutycycle	24	static
../drivers/fsl_pwm.c:736:6:PWM_UpdatePwmDutycycleHighAccuracy	24	static
../drivers/fsl_pwm.c:789:6:PWM_UpdatePwmPeriodAndDutycycle	16	static
../drivers/fsl_pwm.c:824:6:PWM_SetupInputCapture	16	static
../drivers/fsl_pwm.c:912:6:PWM_SetupFaultInputFilter	8	static
../drivers/fsl_pwm.c:936:6:PWM_SetupFaults	16	static
../drivers/fsl_pwm.c:1024:6:PWM_FaultDefaultConfig	8	static
../drivers/fsl_pwm.c:1052:6:PWM_SetupForceSignal	0	static
../drivers/fsl_pwm.c:1080:10:PWM_SetOutputToIdle	20	static
../drivers/fsl_pwm.c:1171:9:PWM_GetPwmChannelState	0	static
../drivers/fsl_pwm.c:1183:6:PWM_SetClockMode	8	static
../drivers/fsl_pwm.c:1213:6:PWM_SetPwmForceOutputToZero	0	static
../drivers/fsl_pwm.c:1265:6:PWM_SetChannelOutput	16	static
