../drivers/fsl_edma.c:63:17:EDMA_GetInstance.part.0	8	static
../drivers/fsl_edma.c:936:29:EDMA_TransferWidthMapping.part.0	8	static
../drivers/fsl_edma.c:445:6:EDMA_TcdReset.part.0	8	static
../drivers/fsl_edma.c:88:6:EDMA_InstallTCD	8	static
../drivers/fsl_edma.c:120:6:EDMA_Init	8	static
../drivers/fsl_edma.c:150:6:EDMA_Deinit	8	static
../drivers/fsl_edma.c:172:6:EDMA_GetDefaultConfig	8	static
../drivers/fsl_edma.c:196:6:EDMA_ResetChannel	8	static
../drivers/fsl_edma.c:228:6:EDMA_SetTransferConfig	24	static
../drivers/fsl_edma.c:251:6:EDMA_SetMinorOffsetConfig	8	static
../drivers/fsl_edma.c:276:6:EDMA_SetMajorOffsetConfig	8	static
../drivers/fsl_edma.c:293:6:EDMA_SetChannelPreemptionConfig	8	static
../drivers/fsl_edma.c:324:6:EDMA_SetChannelLink	8	static
../drivers/fsl_edma.c:346:6:EDMA_SetBandWidth	8	static
../drivers/fsl_edma.c:365:6:EDMA_SetModulo	8	static
../drivers/fsl_edma.c:383:6:EDMA_EnableChannelInterrupts	8	static
../drivers/fsl_edma.c:414:6:EDMA_DisableChannelInterrupts	8	static
../drivers/fsl_edma.c:445:6:EDMA_TcdReset	8	static
../drivers/fsl_edma.c:492:6:EDMA_TcdSetTransferConfig	16	static
../drivers/fsl_edma.c:553:6:EDMA_TcdSetMinorOffsetConfig	8	static
../drivers/fsl_edma.c:577:6:EDMA_TcdSetMajorOffsetConfig	8	static
../drivers/fsl_edma.c:601:6:EDMA_TcdSetChannelLink	8	static
../drivers/fsl_edma.c:651:6:EDMA_TcdSetModulo	8	static
../drivers/fsl_edma.c:669:6:EDMA_TcdEnableInterrupts	8	static
../drivers/fsl_edma.c:693:6:EDMA_TcdDisableInterrupts	8	static
../drivers/fsl_edma.c:731:10:EDMA_GetRemainingMajorLoopCount	8	static
../drivers/fsl_edma.c:767:10:EDMA_GetChannelStatusFlags	8	static
../drivers/fsl_edma.c:791:6:EDMA_ClearChannelStatusFlags	8	static
../drivers/fsl_edma.c:842:6:EDMA_CreateHandle	16	static
../drivers/fsl_edma.c:896:6:EDMA_InstallTCDMemory	8	static
../drivers/fsl_edma.c:928:6:EDMA_SetCallback	8	static
../drivers/fsl_edma.c:998:6:EDMA_PrepareTransferConfig	40	static
../drivers/fsl_edma.c:1052:6:EDMA_PrepareTransfer	40	static
../drivers/fsl_edma.c:1106:10:EDMA_SubmitTransfer	40	static
../drivers/fsl_edma.c:1282:6:EDMA_StartTransfer	8	static
../drivers/fsl_edma.c:1329:6:EDMA_StopTransfer	8	static
../drivers/fsl_edma.c:1345:6:EDMA_AbortTransfer	16	static
../drivers/fsl_edma.c:1398:6:EDMA_HandleIRQ	24	static
../drivers/fsl_edma.c:2622:6:DMA0_DriverIRQHandler	24	static
../drivers/fsl_edma.c:2629:6:DMA1_DriverIRQHandler	24	static
../drivers/fsl_edma.c:2636:6:DMA2_DriverIRQHandler	24	static
../drivers/fsl_edma.c:2643:6:DMA3_DriverIRQHandler	24	static
../drivers/fsl_edma.c:2653:6:DMA4_DriverIRQHandler	24	static
../drivers/fsl_edma.c:2660:6:DMA5_DriverIRQHandler	24	static
../drivers/fsl_edma.c:2667:6:DMA6_DriverIRQHandler	24	static
../drivers/fsl_edma.c:2674:6:DMA7_DriverIRQHandler	24	static
../drivers/fsl_edma.c:2685:6:DMA8_DriverIRQHandler	24	static
../drivers/fsl_edma.c:2692:6:DMA9_DriverIRQHandler	24	static
../drivers/fsl_edma.c:2699:6:DMA10_DriverIRQHandler	24	static
../drivers/fsl_edma.c:2706:6:DMA11_DriverIRQHandler	24	static
../drivers/fsl_edma.c:2713:6:DMA12_DriverIRQHandler	24	static
../drivers/fsl_edma.c:2720:6:DMA13_DriverIRQHandler	24	static
../drivers/fsl_edma.c:2727:6:DMA14_DriverIRQHandler	24	static
../drivers/fsl_edma.c:2734:6:DMA15_DriverIRQHandler	24	static
