../drivers/fsl_lpuart.h:749:20:LPUART_EnableTx	16	static
../drivers/fsl_lpuart.h:769:20:LPUART_EnableRx	16	static
../drivers/fsl_dmamux.h:75:20:DMAMUX_EnableChannel	16	static
../drivers/fsl_dmamux.h:91:20:DMAMUX_DisableChannel	16	static
../drivers/fsl_dmamux.h:110:20:DMAMUX_SetSource	24	static
../drivers/fsl_lpuart_cmsis.c:339:16:LPUART_CommonControl	64	static
../drivers/fsl_lpuart_cmsis.c:478:27:LPUARTx_GetVersion	16	static
../drivers/fsl_lpuart_cmsis.c:483:31:LPUARTx_GetCapabilities	4	static
../drivers/fsl_lpuart_cmsis.c:488:16:LPUARTx_SetModemControl	16	static
../drivers/fsl_lpuart_cmsis.c:493:31:LPUARTx_GetModemStatus	16	static
../drivers/fsl_lpuart_cmsis.c:794:13:KSDK_LPUART_EdmaCallback	32	static
../drivers/fsl_lpuart_cmsis.c:814:16:LPUART_EdmaInitialize	16	static
../drivers/fsl_lpuart_cmsis.c:825:16:LPUART_EdmaUninitialize	16	static
../drivers/fsl_lpuart_cmsis.c:831:16:LPUART_EdmaPowerControl	64	static
../drivers/fsl_lpuart_cmsis.c:904:16:LPUART_EdmaSend	40	static
../drivers/fsl_lpuart_cmsis.c:934:16:LPUART_EdmaReceive	40	static
../drivers/fsl_lpuart_cmsis.c:964:16:LPUART_EdmaTransfer	24	static
../drivers/fsl_lpuart_cmsis.c:973:17:LPUART_EdmaGetTxCount	24	static
../drivers/fsl_lpuart_cmsis.c:985:17:LPUART_EdmaGetRxCount	24	static
../drivers/fsl_lpuart_cmsis.c:998:16:LPUART_EdmaControl	32	static
../drivers/fsl_lpuart_cmsis.c:1039:25:LPUART_EdmaGetStatus	24	static
../drivers/fsl_lpuart_cmsis.c:1776:16:LPUART1_EdmaInitialize	16	static
../drivers/fsl_lpuart_cmsis.c:1784:16:LPUART1_EdmaUninitialize	8	static
../drivers/fsl_lpuart_cmsis.c:1792:16:LPUART1_EdmaPowerControl	16	static
../drivers/fsl_lpuart_cmsis.c:1797:16:LPUART1_EdmaSend	16	static
../drivers/fsl_lpuart_cmsis.c:1802:16:LPUART1_EdmaReceive	16	static
../drivers/fsl_lpuart_cmsis.c:1807:16:LPUART1_EdmaTransfer	24	static
../drivers/fsl_lpuart_cmsis.c:1812:17:LPUART1_EdmaGetTxCount	8	static
../drivers/fsl_lpuart_cmsis.c:1817:17:LPUART1_EdmaGetRxCount	8	static
../drivers/fsl_lpuart_cmsis.c:1822:16:LPUART1_EdmaControl	16	static
../drivers/fsl_lpuart_cmsis.c:1827:25:LPUART1_EdmaGetStatus	8	static
../drivers/fsl_lpuart_cmsis.c:2406:16:LPUART3_EdmaInitialize	16	static
../drivers/fsl_lpuart_cmsis.c:2414:16:LPUART3_EdmaUninitialize	8	static
../drivers/fsl_lpuart_cmsis.c:2422:16:LPUART3_EdmaPowerControl	16	static
../drivers/fsl_lpuart_cmsis.c:2427:16:LPUART3_EdmaSend	16	static
../drivers/fsl_lpuart_cmsis.c:2432:16:LPUART3_EdmaReceive	16	static
../drivers/fsl_lpuart_cmsis.c:2437:16:LPUART3_EdmaTransfer	24	static
../drivers/fsl_lpuart_cmsis.c:2442:17:LPUART3_EdmaGetTxCount	8	static
../drivers/fsl_lpuart_cmsis.c:2447:17:LPUART3_EdmaGetRxCount	8	static
../drivers/fsl_lpuart_cmsis.c:2452:16:LPUART3_EdmaControl	16	static
../drivers/fsl_lpuart_cmsis.c:2457:25:LPUART3_EdmaGetStatus	8	static
