../drivers/fsl_edma.c:63:17:EDMA_GetInstance.part.0	8	static
../drivers/fsl_edma.c:939:29:EDMA_TransferWidthMapping.part.0	8	static
../drivers/fsl_edma.c:448:6:EDMA_TcdReset.part.0	8	static
../drivers/fsl_edma.c:88:6:EDMA_InstallTCD	8	static
../drivers/fsl_edma.c:120:6:EDMA_Init	8	static
../drivers/fsl_edma.c:150:6:EDMA_Deinit	8	static
../drivers/fsl_edma.c:172:6:EDMA_GetDefaultConfig	8	static
../drivers/fsl_edma.c:196:6:EDMA_ResetChannel	8	static
../drivers/fsl_edma.c:228:6:EDMA_SetTransferConfig	24	static
../drivers/fsl_edma.c:254:6:EDMA_SetMinorOffsetConfig	8	static
../drivers/fsl_edma.c:279:6:EDMA_SetMajorOffsetConfig	8	static
../drivers/fsl_edma.c:296:6:EDMA_SetChannelPreemptionConfig	8	static
../drivers/fsl_edma.c:327:6:EDMA_SetChannelLink	8	static
../drivers/fsl_edma.c:349:6:EDMA_SetBandWidth	8	static
../drivers/fsl_edma.c:368:6:EDMA_SetModulo	8	static
../drivers/fsl_edma.c:386:6:EDMA_EnableChannelInterrupts	8	static
../drivers/fsl_edma.c:417:6:EDMA_DisableChannelInterrupts	8	static
../drivers/fsl_edma.c:448:6:EDMA_TcdReset	8	static
../drivers/fsl_edma.c:495:6:EDMA_TcdSetTransferConfig	16	static
../drivers/fsl_edma.c:556:6:EDMA_TcdSetMinorOffsetConfig	8	static
../drivers/fsl_edma.c:580:6:EDMA_TcdSetMajorOffsetConfig	8	static
../drivers/fsl_edma.c:604:6:EDMA_TcdSetChannelLink	8	static
../drivers/fsl_edma.c:654:6:EDMA_TcdSetModulo	8	static
../drivers/fsl_edma.c:672:6:EDMA_TcdEnableInterrupts	8	static
../drivers/fsl_edma.c:696:6:EDMA_TcdDisableInterrupts	8	static
../drivers/fsl_edma.c:734:10:EDMA_GetRemainingMajorLoopCount	8	static
../drivers/fsl_edma.c:770:10:EDMA_GetChannelStatusFlags	8	static
../drivers/fsl_edma.c:794:6:EDMA_ClearChannelStatusFlags	8	static
../drivers/fsl_edma.c:845:6:EDMA_CreateHandle	16	static
../drivers/fsl_edma.c:899:6:EDMA_InstallTCDMemory	8	static
../drivers/fsl_edma.c:931:6:EDMA_SetCallback	8	static
../drivers/fsl_edma.c:1001:6:EDMA_PrepareTransferConfig	40	static
../drivers/fsl_edma.c:1055:6:EDMA_PrepareTransfer	40	static
../drivers/fsl_edma.c:1109:10:EDMA_SubmitTransfer	40	static
../drivers/fsl_edma.c:1285:6:EDMA_StartTransfer	8	static
../drivers/fsl_edma.c:1332:6:EDMA_StopTransfer	8	static
../drivers/fsl_edma.c:1348:6:EDMA_AbortTransfer	16	static
../drivers/fsl_edma.c:1401:6:EDMA_HandleIRQ	24	static
../drivers/fsl_edma.c:2625:6:DMA0_DriverIRQHandler	24	static
../drivers/fsl_edma.c:2632:6:DMA1_DriverIRQHandler	24	static
../drivers/fsl_edma.c:2639:6:DMA2_DriverIRQHandler	24	static
../drivers/fsl_edma.c:2646:6:DMA3_DriverIRQHandler	24	static
../drivers/fsl_edma.c:2656:6:DMA4_DriverIRQHandler	24	static
../drivers/fsl_edma.c:2663:6:DMA5_DriverIRQHandler	24	static
../drivers/fsl_edma.c:2670:6:DMA6_DriverIRQHandler	24	static
../drivers/fsl_edma.c:2677:6:DMA7_DriverIRQHandler	24	static
../drivers/fsl_edma.c:2688:6:DMA8_DriverIRQHandler	24	static
../drivers/fsl_edma.c:2695:6:DMA9_DriverIRQHandler	24	static
../drivers/fsl_edma.c:2702:6:DMA10_DriverIRQHandler	24	static
../drivers/fsl_edma.c:2709:6:DMA11_DriverIRQHandler	24	static
../drivers/fsl_edma.c:2716:6:DMA12_DriverIRQHandler	24	static
../drivers/fsl_edma.c:2723:6:DMA13_DriverIRQHandler	24	static
../drivers/fsl_edma.c:2730:6:DMA14_DriverIRQHandler	24	static
../drivers/fsl_edma.c:2737:6:DMA15_DriverIRQHandler	24	static
