../source/IbusProtocol.cpp:10:1:IbusProtocol::IbusProtocol()	16	static
../source/IbusProtocol.cpp:17:6:void IbusProtocol::processPacket(const uint8_t*)	32	static
../source/IbusProtocol.cpp:59:6:void IbusProtocol::processByte(unsigned char)	40	static
../source/IbusProtocol.cpp:135:68:const std::array<short unsigned int, 14>& IbusProtocol::getChannels() const	16	static
../source/IbusProtocol.cpp:139:5:int IbusProtocol::getParsedMessageCount() const	16	static
../source/IbusProtocol.cpp:143:5:int IbusProtocol::getErrorCount() const	16	static
../source/IbusProtocol.cpp:147:6:bool IbusProtocol::isLastMessageValid() const	16	static
../source/IbusProtocol.cpp:151:6:void IbusProtocol::resetMessage(bool)	16	static
../source/IbusProtocol.cpp:162:6:void IbusProtocol::updateChecksum(unsigned char)	16	static
C:/nxp/MCUXpressoIDE_11.10.0_3148/ide/plugins/com.nxp.mcuxpresso.tools.win32_11.10.0.202311280810/tools/arm-none-eabi/include/c++/13.2.1/array:200:7:constexpr std::array<_Tp, _Nm>::value_type& std::array<_Tp, _Nm>::operator[](size_type) [with _Tp = unsigned char; unsigned int _Nm = 32]	16	static
C:/nxp/MCUXpressoIDE_11.10.0_3148/ide/plugins/com.nxp.mcuxpresso.tools.win32_11.10.0.202311280810/tools/arm-none-eabi/include/c++/13.2.1/array:200:7:constexpr std::array<_Tp, _Nm>::value_type& std::array<_Tp, _Nm>::operator[](size_type) [with _Tp = short unsigned int; unsigned int _Nm = 14]	16	static
