../source/ukf_ahrs.cpp:25:1:UKFAHRS::~UKFAHRS()	0	static
../source/ukf_ahrs.cpp:25:1:virtual UKFAHRS::~UKFAHRS()	8	static
../source/ukf_ahrs.cpp:4:1:UKFAHRS::UKFAHRS()	56	static
../source/ukf_ahrs.cpp:27:6:void UKFAHRS::begin(const Eigen::Quaterniond&, double, double, double, double)	48	static
../source/ukf_ahrs.cpp:190:20:Eigen::Quaterniond UKFAHRS::getOrientation() const	56	static
../source/ukf_ahrs.cpp:194:17:Eigen::Vector3d UKFAHRS::getGyroBias() const	0	static
../source/ukf_ahrs.cpp:198:6:void UKFAHRS::normalizeQuaternion(Eigen::Matrix<double, 7, 1>&)	40	static
C:\nxp\workspace\MIMXRT1011_FlightControllerRtos\Eigen/src/Cholesky/LLT.h:265:37:static typename MatrixType::Index Eigen::internal::llt_inplace<Scalar, 1>::unblocked(MatrixType&) [with MatrixType = Eigen::Matrix<double, 7, 7, 0, 7, 7>; Scalar = double]	64	static
../source/ukf_ahrs.cpp:43:6:void UKFAHRS::generateSigmaPoints()	888	static
../source/ukf_ahrs.cpp:54:6:void UKFAHRS::predict(const Eigen::Vector3d&, double)	1064	static
C:\nxp\workspace\MIMXRT1011_FlightControllerRtos\Eigen/src/Core/Assign.h:142:35:static void Eigen::internal::assign_DefaultTraversal_CompleteUnrolling<Derived1, Derived2, Index, Stop>::run(Derived1&, const Derived2&) [with Derived1 = Eigen::SelfCwiseBinaryOp<Eigen::internal::scalar_difference_op<double>, Eigen::Matrix<double, 7, 7, 0, 7, 7>, Eigen::CoeffBasedProduct<const Eigen::Matrix<double, 7, 3>&, const Eigen::Transpose<Eigen::Matrix<double, 7, 3> >, 6> >; Derived2 = Eigen::Matrix<double, 7, 7, 1, 7, 7>; int Index = 12; int Stop = 49]	16	static
../source/ukf_ahrs.cpp:108:6:void UKFAHRS::update(const Eigen::Vector3d&)	1624	static
../source/ukf_ahrs.cpp:147:6:void UKFAHRS::updateMag(const Eigen::Vector3d&)	1624	static
