../startup/startup_mimxrt1011.cpp:384:6:void data_init(unsigned int, unsigned int, unsigned int)	4	static
../startup/startup_mimxrt1011.cpp:393:6:void bss_init(unsigned int, unsigned int)	0	static
../startup/startup_mimxrt1011.cpp:418:6:void ResetISR()	0	static
../startup/startup_mimxrt1011.cpp:509:14:void NMI_Handler()	0	static
../startup/startup_mimxrt1011.cpp:513:14:void HardFault_Handler()	0	static
../startup/startup_mimxrt1011.cpp:517:14:void MemManage_Handler()	0	static
../startup/startup_mimxrt1011.cpp:521:14:void BusFault_Handler()	0	static
../startup/startup_mimxrt1011.cpp:525:14:void UsageFault_Handler()	0	static
../startup/startup_mimxrt1011.cpp:529:14:void SVC_Handler()	0	static
../startup/startup_mimxrt1011.cpp:533:14:void DebugMon_Handler()	0	static
../startup/startup_mimxrt1011.cpp:537:14:void PendSV_Handler()	0	static
../startup/startup_mimxrt1011.cpp:541:14:void SysTick_Handler()	0	static
../startup/startup_mimxrt1011.cpp:549:14:void IntDefaultHandler()	0	static
../startup/startup_mimxrt1011.cpp:559:11:void DMA0_IRQHandler()	8	static
../startup/startup_mimxrt1011.cpp:563:11:void DMA1_IRQHandler()	8	static
../startup/startup_mimxrt1011.cpp:567:11:void DMA2_IRQHandler()	8	static
../startup/startup_mimxrt1011.cpp:571:11:void DMA3_IRQHandler()	8	static
../startup/startup_mimxrt1011.cpp:575:11:void DMA4_IRQHandler()	8	static
../startup/startup_mimxrt1011.cpp:579:11:void DMA5_IRQHandler()	8	static
../startup/startup_mimxrt1011.cpp:583:11:void DMA6_IRQHandler()	8	static
../startup/startup_mimxrt1011.cpp:587:11:void DMA7_IRQHandler()	8	static
../startup/startup_mimxrt1011.cpp:591:11:void DMA8_IRQHandler()	8	static
../startup/startup_mimxrt1011.cpp:595:11:void DMA9_IRQHandler()	8	static
../startup/startup_mimxrt1011.cpp:599:11:void DMA10_IRQHandler()	8	static
../startup/startup_mimxrt1011.cpp:603:11:void DMA11_IRQHandler()	8	static
../startup/startup_mimxrt1011.cpp:607:11:void DMA12_IRQHandler()	8	static
../startup/startup_mimxrt1011.cpp:611:11:void DMA13_IRQHandler()	8	static
../startup/startup_mimxrt1011.cpp:615:11:void DMA14_IRQHandler()	8	static
../startup/startup_mimxrt1011.cpp:619:11:void DMA15_IRQHandler()	8	static
../startup/startup_mimxrt1011.cpp:623:11:void DMA_ERROR_IRQHandler()	8	static
../startup/startup_mimxrt1011.cpp:627:11:void CTI0_ERROR_IRQHandler()	8	static
../startup/startup_mimxrt1011.cpp:631:11:void CTI1_ERROR_IRQHandler()	8	static
../startup/startup_mimxrt1011.cpp:635:11:void CORE_IRQHandler()	8	static
../startup/startup_mimxrt1011.cpp:639:11:void LPUART1_IRQHandler()	8	static
../startup/startup_mimxrt1011.cpp:643:11:void LPUART2_IRQHandler()	8	static
../startup/startup_mimxrt1011.cpp:647:11:void LPUART3_IRQHandler()	8	static
../startup/startup_mimxrt1011.cpp:651:11:void LPUART4_IRQHandler()	8	static
../startup/startup_mimxrt1011.cpp:655:11:void PIT_IRQHandler()	8	static
../startup/startup_mimxrt1011.cpp:659:11:void USB_OTG1_IRQHandler()	8	static
../startup/startup_mimxrt1011.cpp:663:11:void FLEXSPI_IRQHandler()	8	static
../startup/startup_mimxrt1011.cpp:667:11:void FLEXRAM_IRQHandler()	8	static
../startup/startup_mimxrt1011.cpp:671:11:void LPI2C1_IRQHandler()	8	static
../startup/startup_mimxrt1011.cpp:675:11:void LPI2C2_IRQHandler()	8	static
../startup/startup_mimxrt1011.cpp:679:11:void GPT1_IRQHandler()	8	static
../startup/startup_mimxrt1011.cpp:683:11:void GPT2_IRQHandler()	8	static
../startup/startup_mimxrt1011.cpp:687:11:void LPSPI1_IRQHandler()	8	static
../startup/startup_mimxrt1011.cpp:691:11:void LPSPI2_IRQHandler()	8	static
../startup/startup_mimxrt1011.cpp:695:11:void PWM1_0_IRQHandler()	8	static
../startup/startup_mimxrt1011.cpp:699:11:void PWM1_1_IRQHandler()	8	static
../startup/startup_mimxrt1011.cpp:703:11:void PWM1_2_IRQHandler()	8	static
../startup/startup_mimxrt1011.cpp:707:11:void PWM1_3_IRQHandler()	8	static
../startup/startup_mimxrt1011.cpp:711:11:void PWM1_FAULT_IRQHandler()	8	static
../startup/startup_mimxrt1011.cpp:715:11:void KPP_IRQHandler()	8	static
../startup/startup_mimxrt1011.cpp:719:11:void SRC_IRQHandler()	8	static
../startup/startup_mimxrt1011.cpp:723:11:void GPR_IRQ_IRQHandler()	8	static
../startup/startup_mimxrt1011.cpp:727:11:void CCM_1_IRQHandler()	8	static
../startup/startup_mimxrt1011.cpp:731:11:void CCM_2_IRQHandler()	8	static
../startup/startup_mimxrt1011.cpp:735:11:void EWM_IRQHandler()	8	static
../startup/startup_mimxrt1011.cpp:739:11:void WDOG2_IRQHandler()	8	static
../startup/startup_mimxrt1011.cpp:743:11:void SNVS_HP_WRAPPER_IRQHandler()	8	static
../startup/startup_mimxrt1011.cpp:747:11:void SNVS_HP_WRAPPER_TZ_IRQHandler()	8	static
../startup/startup_mimxrt1011.cpp:751:11:void SNVS_LP_WRAPPER_IRQHandler()	8	static
../startup/startup_mimxrt1011.cpp:755:11:void CSU_IRQHandler()	8	static
../startup/startup_mimxrt1011.cpp:759:11:void DCP_IRQHandler()	8	static
../startup/startup_mimxrt1011.cpp:763:11:void DCP_VMI_IRQHandler()	8	static
../startup/startup_mimxrt1011.cpp:767:11:void Reserved68_IRQHandler()	8	static
../startup/startup_mimxrt1011.cpp:771:11:void TRNG_IRQHandler()	8	static
../startup/startup_mimxrt1011.cpp:775:11:void Reserved70_IRQHandler()	8	static
../startup/startup_mimxrt1011.cpp:779:11:void Reserved71_IRQHandler()	8	static
../startup/startup_mimxrt1011.cpp:783:11:void SAI1_IRQHandler()	8	static
../startup/startup_mimxrt1011.cpp:787:11:void RTWDOG_IRQHandler()	8	static
../startup/startup_mimxrt1011.cpp:791:11:void SAI3_RX_IRQHandler()	8	static
../startup/startup_mimxrt1011.cpp:795:11:void SAI3_TX_IRQHandler()	8	static
../startup/startup_mimxrt1011.cpp:799:11:void SPDIF_IRQHandler()	8	static
../startup/startup_mimxrt1011.cpp:803:11:void PMU_IRQHandler()	8	static
../startup/startup_mimxrt1011.cpp:807:11:void XBAR1_IRQ_0_1_2_3_IRQHandler()	8	static
../startup/startup_mimxrt1011.cpp:811:11:void TEMP_LOW_HIGH_IRQHandler()	8	static
../startup/startup_mimxrt1011.cpp:815:11:void TEMP_PANIC_IRQHandler()	8	static
../startup/startup_mimxrt1011.cpp:819:11:void USB_PHY_IRQHandler()	8	static
../startup/startup_mimxrt1011.cpp:823:11:void GPC_IRQHandler()	8	static
../startup/startup_mimxrt1011.cpp:827:11:void ADC1_IRQHandler()	8	static
../startup/startup_mimxrt1011.cpp:831:11:void FLEXIO1_IRQHandler()	8	static
../startup/startup_mimxrt1011.cpp:835:11:void DCDC_IRQHandler()	8	static
../startup/startup_mimxrt1011.cpp:839:11:void GPIO1_Combined_0_15_IRQHandler()	8	static
../startup/startup_mimxrt1011.cpp:843:11:void GPIO1_Combined_16_31_IRQHandler()	8	static
../startup/startup_mimxrt1011.cpp:847:11:void GPIO2_Combined_0_15_IRQHandler()	8	static
../startup/startup_mimxrt1011.cpp:851:11:void GPIO5_Combined_0_15_IRQHandler()	8	static
../startup/startup_mimxrt1011.cpp:855:11:void WDOG1_IRQHandler()	8	static
../startup/startup_mimxrt1011.cpp:859:11:void ADC_ETC_IRQ0_IRQHandler()	8	static
../startup/startup_mimxrt1011.cpp:863:11:void ADC_ETC_IRQ1_IRQHandler()	8	static
../startup/startup_mimxrt1011.cpp:867:11:void ADC_ETC_IRQ2_IRQHandler()	8	static
../startup/startup_mimxrt1011.cpp:871:11:void ADC_ETC_IRQ3_IRQHandler()	8	static
../startup/startup_mimxrt1011.cpp:875:11:void ADC_ETC_ERROR_IRQ_IRQHandler()	8	static
