../freertos/freertos-kernel/queue.c:2378:19:prvCopyDataToQueue	16	static
../freertos/freertos-kernel/queue.c:303:12:xQueueGenericReset	16	static
../freertos/freertos-kernel/queue.c:376:19:xQueueGenericCreateStatic	32	static
../freertos/freertos-kernel/queue.c:446:16:xQueueGenericGetStaticBuffers	0	static
../freertos/freertos-kernel/queue.c:862:19:xQueueCreateCountingSemaphoreStatic	32	static
../freertos/freertos-kernel/queue.c:939:12:xQueueGenericSend	48	static
../freertos/freertos-kernel/queue.c:664:19:xQueueCreateMutexStatic	24	static
../freertos/freertos-kernel/queue.c:756:16:xQueueGiveMutexRecursive	16	static
../freertos/freertos-kernel/queue.c:1157:12:xQueueGenericSendFromISR	24	static
../freertos/freertos-kernel/queue.c:1326:12:xQueueGiveFromISR	24	static
../freertos/freertos-kernel/queue.c:1496:12:xQueueReceive	48	static
../freertos/freertos-kernel/queue.c:1646:12:xQueueSemaphoreTake	40	static
../freertos/freertos-kernel/queue.c:815:16:xQueueTakeMutexRecursive	16	static
../freertos/freertos-kernel/queue.c:1871:12:xQueuePeek	48	static
../freertos/freertos-kernel/queue.c:2029:12:xQueueReceiveFromISR	32	static
../freertos/freertos-kernel/queue.c:2126:12:xQueuePeekFromISR	24	static
../freertos/freertos-kernel/queue.c:2185:13:uxQueueMessagesWaiting	8	static
../freertos/freertos-kernel/queue.c:2205:13:uxQueueSpacesAvailable	8	static
../freertos/freertos-kernel/queue.c:2226:13:uxQueueMessagesWaitingFromISR	0	static
../freertos/freertos-kernel/queue.c:2242:6:vQueueDelete	0	static
../freertos/freertos-kernel/queue.c:2290:17:uxQueueGetQueueNumber	0	static
../freertos/freertos-kernel/queue.c:2304:10:vQueueSetQueueNumber	0	static
../freertos/freertos-kernel/queue.c:2319:13:ucQueueGetQueueType	0	static
../freertos/freertos-kernel/queue.c:2331:13:uxQueueGetQueueItemSize	0	static
../freertos/freertos-kernel/queue.c:2341:13:uxQueueGetQueueLength	0	static
../freertos/freertos-kernel/queue.c:2623:12:xQueueIsQueueEmptyFromISR	0	static
../freertos/freertos-kernel/queue.c:2668:12:xQueueIsQueueFullFromISR	0	static
../freertos/freertos-kernel/queue.c:2997:10:vQueueAddToRegistry	4	static
../freertos/freertos-kernel/queue.c:3048:18:pcQueueGetName	0	static
../freertos/freertos-kernel/queue.c:3083:10:vQueueUnregisterQueue	0	static
../freertos/freertos-kernel/queue.c:3120:10:vQueueWaitForMessageRestricted	16	static
