../freertos/freertos-kernel/stream_buffer.c:1476:15:prvWriteBytesToBuffer.part.0	32	static
../freertos/freertos-kernel/stream_buffer.c:427:26:xStreamBufferGenericCreateStatic	32	static
../freertos/freertos-kernel/stream_buffer.c:523:16:xStreamBufferGetStaticBuffers	4	static
../freertos/freertos-kernel/stream_buffer.c:557:6:vStreamBufferDelete	0	static
../freertos/freertos-kernel/stream_buffer.c:594:12:xStreamBufferReset	32	static
../freertos/freertos-kernel/stream_buffer.c:655:12:xStreamBufferResetFromISR	40	static
../freertos/freertos-kernel/stream_buffer.c:720:12:xStreamBufferSetTriggerLevel	0	static
../freertos/freertos-kernel/stream_buffer.c:754:8:xStreamBufferSpacesAvailable	8	static
../freertos/freertos-kernel/stream_buffer.c:791:8:xStreamBufferBytesAvailable	0	static
../freertos/freertos-kernel/stream_buffer.c:808:8:xStreamBufferSend	64	static
../freertos/freertos-kernel/stream_buffer.c:943:8:xStreamBufferSendFromISR	40	static
../freertos/freertos-kernel/stream_buffer.c:1053:8:xStreamBufferReceive	56	static
../freertos/freertos-kernel/stream_buffer.c:1169:8:xStreamBufferNextMessageLengthBytes	32	static
../freertos/freertos-kernel/stream_buffer.c:1213:8:xStreamBufferReceiveFromISR	56	static
../freertos/freertos-kernel/stream_buffer.c:1331:12:xStreamBufferIsEmpty	0	static
../freertos/freertos-kernel/stream_buffer.c:1359:12:xStreamBufferIsFull	4	static
../freertos/freertos-kernel/stream_buffer.c:1398:12:xStreamBufferSendCompletedFromISR	24	static
../freertos/freertos-kernel/stream_buffer.c:1437:12:xStreamBufferReceiveCompletedFromISR	24	static
../freertos/freertos-kernel/stream_buffer.c:1635:13:uxStreamBufferGetStreamBufferNotificationIndex	0	static
../freertos/freertos-kernel/stream_buffer.c:1649:6:vStreamBufferSetStreamBufferNotificationIndex	0	static
../freertos/freertos-kernel/stream_buffer.c:1673:17:uxStreamBufferGetStreamBufferNumber	0	static
../freertos/freertos-kernel/stream_buffer.c:1687:10:vStreamBufferSetStreamBufferNumber	0	static
../freertos/freertos-kernel/stream_buffer.c:1702:13:ucStreamBufferGetStreamBufferType	0	static
