../freertos/freertos-kernel/stream_buffer.c:1365:15:prvWriteBytesToBuffer.part.0	24	static
../freertos/freertos-kernel/stream_buffer.c:1411:15:prvReadBytesFromBuffer	24	static
../freertos/freertos-kernel/stream_buffer.c:409:26:xStreamBufferGenericCreateStatic	40	static
../freertos/freertos-kernel/stream_buffer.c:499:16:xStreamBufferGetStaticBuffers	4	static
../freertos/freertos-kernel/stream_buffer.c:533:6:vStreamBufferDelete	0	static
../freertos/freertos-kernel/stream_buffer.c:570:12:xStreamBufferReset	32	static
../freertos/freertos-kernel/stream_buffer.c:631:12:xStreamBufferSetTriggerLevel	0	static
../freertos/freertos-kernel/stream_buffer.c:665:8:xStreamBufferSpacesAvailable	8	static
../freertos/freertos-kernel/stream_buffer.c:702:8:xStreamBufferBytesAvailable	0	static
../freertos/freertos-kernel/stream_buffer.c:719:8:xStreamBufferSend	64	static
../freertos/freertos-kernel/stream_buffer.c:854:8:xStreamBufferSendFromISR	40	static
../freertos/freertos-kernel/stream_buffer.c:961:8:xStreamBufferReceive	48	static
../freertos/freertos-kernel/stream_buffer.c:1069:8:xStreamBufferNextMessageLengthBytes	24	static
../freertos/freertos-kernel/stream_buffer.c:1113:8:xStreamBufferReceiveFromISR	56	static
../freertos/freertos-kernel/stream_buffer.c:1228:12:xStreamBufferIsEmpty	0	static
../freertos/freertos-kernel/stream_buffer.c:1256:12:xStreamBufferIsFull	4	static
../freertos/freertos-kernel/stream_buffer.c:1295:12:xStreamBufferSendCompletedFromISR	24	static
../freertos/freertos-kernel/stream_buffer.c:1330:12:xStreamBufferReceiveCompletedFromISR	24	static
../freertos/freertos-kernel/stream_buffer.c:1524:17:uxStreamBufferGetStreamBufferNumber	0	static
../freertos/freertos-kernel/stream_buffer.c:1538:10:vStreamBufferSetStreamBufferNumber	0	static
../freertos/freertos-kernel/stream_buffer.c:1553:13:ucStreamBufferGetStreamBufferType	0	static
