../freertos/freertos-kernel/tasks.c:5787:8:prvIdleTask	8	static
../freertos/freertos-kernel/tasks.c:8476:13:prvAddCurrentTaskToDelayedList	32	static
../freertos/freertos-kernel/tasks.c:4712:12:xTaskIncrementTick.part.0	48	static
../freertos/freertos-kernel/tasks.c:3924:12:xTaskResumeAll.part.0	48	static
../freertos/freertos-kernel/tasks.c:1301:18:xTaskCreateStatic	40	static
../freertos/freertos-kernel/tasks.c:2203:10:vTaskDelete	16	static
../freertos/freertos-kernel/tasks.c:2348:16:xTaskDelayUntil	16	static
../freertos/freertos-kernel/tasks.c:2440:10:vTaskDelay	8	static
../freertos/freertos-kernel/tasks.c:2490:16:eTaskGetState	24	static
../freertos/freertos-kernel/tasks.c:6303:24:prvListTasksWithinSingleList.part.0	48	static
../freertos/freertos-kernel/tasks.c:2622:17:uxTaskPriorityGet	8	static
../freertos/freertos-kernel/tasks.c:2648:17:uxTaskPriorityGetFromISR	8	static
../freertos/freertos-kernel/tasks.c:2693:17:uxTaskBasePriorityGet	8	static
../freertos/freertos-kernel/tasks.c:2719:17:uxTaskBasePriorityGetFromISR	8	static
../freertos/freertos-kernel/tasks.c:2764:10:vTaskPrioritySet	24	static
../freertos/freertos-kernel/tasks.c:3358:10:vTaskResume	24	static
../freertos/freertos-kernel/tasks.c:3419:16:xTaskResumeFromISR	24	static
../freertos/freertos-kernel/tasks.c:3657:6:vTaskStartScheduler	56	static
../freertos/freertos-kernel/tasks.c:3760:6:vTaskEndScheduler	0	static
../freertos/freertos-kernel/tasks.c:3775:6:vTaskSuspendAll	0	static
../freertos/freertos-kernel/tasks.c:3924:12:xTaskResumeAll	8	static
../freertos/freertos-kernel/tasks.c:4074:12:xTaskGetTickCount	0	static
../freertos/freertos-kernel/tasks.c:4093:12:xTaskGetTickCountFromISR	8	static
../freertos/freertos-kernel/tasks.c:4128:13:uxTaskGetNumberOfTasks	0	static
../freertos/freertos-kernel/tasks.c:4140:8:pcTaskGetName	0	static
../freertos/freertos-kernel/tasks.c:4373:16:xTaskGetStaticBuffers	4	static
../freertos/freertos-kernel/tasks.c:4427:17:uxTaskGetSystemState	56	static
../freertos/freertos-kernel/tasks.c:4588:12:xTaskCatchUpTicks	16	static
../freertos/freertos-kernel/tasks.c:4712:12:xTaskIncrementTick	0	static
../freertos/freertos-kernel/tasks.c:5095:10:vTaskSwitchContext	0	static
../freertos/freertos-kernel/tasks.c:3120:10:vTaskSuspend	16	static
../freertos/freertos-kernel/tasks.c:5282:6:vTaskPlaceOnEventList	24	static
../freertos/freertos-kernel/tasks.c:5311:6:vTaskPlaceOnUnorderedEventList	20	static
../freertos/freertos-kernel/tasks.c:5343:10:vTaskPlaceOnEventListRestricted	24	static
../freertos/freertos-kernel/tasks.c:5380:12:xTaskRemoveFromEventList	16	static
../freertos/freertos-kernel/tasks.c:5473:6:vTaskRemoveFromUnorderedEventList	24	static
../freertos/freertos-kernel/tasks.c:5545:6:vTaskSetTimeOutState	8	static
../freertos/freertos-kernel/tasks.c:5561:6:vTaskInternalSetTimeOutState	0	static
../freertos/freertos-kernel/tasks.c:5573:12:xTaskCheckForTimeOut	24	static
../freertos/freertos-kernel/tasks.c:5642:6:vTaskMissedYield	0	static
../freertos/freertos-kernel/tasks.c:5655:17:uxTaskGetTaskNumber	0	static
../freertos/freertos-kernel/tasks.c:5682:10:vTaskSetTaskNumber	0	static
../freertos/freertos-kernel/tasks.c:5978:10:vTaskSetThreadLocalStoragePointer	0	static
../freertos/freertos-kernel/tasks.c:6002:12:pvTaskGetThreadLocalStoragePointer	0	static
../freertos/freertos-kernel/tasks.c:6160:10:vTaskGetInfo	24	static
../freertos/freertos-kernel/tasks.c:6518:22:xTaskGetCurrentTaskHandle	0	static
../freertos/freertos-kernel/tasks.c:6574:16:xTaskGetSchedulerState	0	static
../freertos/freertos-kernel/tasks.c:6614:16:xTaskPriorityInherit	24	static
../freertos/freertos-kernel/tasks.c:6717:16:xTaskPriorityDisinherit	24	static
../freertos/freertos-kernel/tasks.c:6811:10:vTaskPriorityDisinheritAfterTimeout	24	static
../freertos/freertos-kernel/tasks.c:7603:12:uxTaskResetEventItemValue	0	static
../freertos/freertos-kernel/tasks.c:7623:18:pvTaskIncrementMutexHeldCount	0	static
../freertos/freertos-kernel/tasks.c:7648:14:ulTaskGenericNotifyTake	24	static
../freertos/freertos-kernel/tasks.c:7767:16:xTaskGenericNotifyWait	24	static
../freertos/freertos-kernel/tasks.c:7899:16:xTaskGenericNotify	24	static
../freertos/freertos-kernel/tasks.c:8019:16:xTaskGenericNotifyFromISR	24	static
../freertos/freertos-kernel/tasks.c:8182:10:vTaskGenericNotifyGiveFromISR	24	static
../freertos/freertos-kernel/tasks.c:8295:16:xTaskGenericNotifyStateClear	16	static
../freertos/freertos-kernel/tasks.c:8333:14:ulTaskGenericNotifyValueClear	16	static
